
Discarded input sections

 .text          0x00000000        0x0 /tmp/ccfNPAjl.o
 .data          0x00000000        0x0 /tmp/ccfNPAjl.o
 .bss           0x00000000        0x0 /tmp/ccfNPAjl.o
 .group         0x00000000        0xc /tmp/ccr6hC4Z.o
 .group         0x00000000        0xc /tmp/ccr6hC4Z.o
 .group         0x00000000        0xc /tmp/ccr6hC4Z.o
 .group         0x00000000        0xc /tmp/ccr6hC4Z.o
 .group         0x00000000        0xc /tmp/ccr6hC4Z.o
 .group         0x00000000        0xc /tmp/ccr6hC4Z.o
 .group         0x00000000        0xc /tmp/ccr6hC4Z.o
 .group         0x00000000        0xc /tmp/ccr6hC4Z.o
 .group         0x00000000        0xc /tmp/ccr6hC4Z.o
 .group         0x00000000        0xc /tmp/ccr6hC4Z.o
 .group         0x00000000        0xc /tmp/ccr6hC4Z.o
 .group         0x00000000        0xc /tmp/ccr6hC4Z.o
 .text          0x00000000        0x0 /tmp/ccr6hC4Z.o
 .data          0x00000000        0x0 /tmp/ccr6hC4Z.o
 .bss           0x00000000        0x0 /tmp/ccr6hC4Z.o

Memory Configuration

Name             Origin             Length             Attributes
FLASH            0x08000000         0x00200000         xr
DTCMRAM          0x20000000         0x00020000         xrw
RAM              0x24000000         0x00080000         xrw
SRAM1            0x30000000         0x00020000         rw
SRAM2            0x30020000         0x00020000         rw
SRAM4            0x38000000         0x00010000         rw
*default*        0x00000000         0xffffffff

Linker script and memory map

LOAD /tmp/ccfNPAjl.o
LOAD /tmp/ccr6hC4Z.o
START GROUP
LOAD /usr/lib/gcc/arm-none-eabi/14.2.1/thumb/v7e-m+dp/hard/libgcc.a
LOAD /usr/lib/gcc/arm-none-eabi/14.2.1/../../../arm-none-eabi/lib/thumb/v7e-m+dp/hard/libg.a
LOAD /usr/lib/gcc/arm-none-eabi/14.2.1/../../../arm-none-eabi/lib/thumb/v7e-m+dp/hard/libc.a
END GROUP
                0x20020000                        _estack = (ORIGIN (DTCMRAM) + LENGTH (DTCMRAM))

.isr_vector     0x08000000       0x40
 *(.isr_vector)
 .isr_vector    0x08000000       0x40 /tmp/ccfNPAjl.o

.text           0x08000040      0x13c
 *(.text*)
 .text.Reset_Handler
                0x08000040       0x40 /tmp/ccfNPAjl.o
                0x08000040                Reset_Handler
 .text.Default_Handler
                0x08000080        0x4 /tmp/ccfNPAjl.o
                0x08000080                Default_Handler
 .text.delay    0x08000084       0x22 /tmp/ccr6hC4Z.o
                0x08000084                delay
 *fill*         0x080000a6        0x2 
 .text.main     0x080000a8       0xd4 /tmp/ccr6hC4Z.o
                0x080000a8                main
 *(.rodata*)
                0x0800017c                        _sidata = LOADADDR (.data)

.glue_7         0x0800017c        0x0
 .glue_7        0x0800017c        0x0 linker stubs

.glue_7t        0x0800017c        0x0
 .glue_7t       0x0800017c        0x0 linker stubs

.vfp11_veneer   0x0800017c        0x0
 .vfp11_veneer  0x0800017c        0x0 linker stubs

.v4_bx          0x0800017c        0x0
 .v4_bx         0x0800017c        0x0 linker stubs

.iplt           0x0800017c        0x0
 .iplt          0x0800017c        0x0 /tmp/ccfNPAjl.o

.rel.dyn        0x0800017c        0x0
 .rel.iplt      0x0800017c        0x0 /tmp/ccfNPAjl.o

.data           0x24000000        0x0 load address 0x0800017c
                0x24000000                        _sdata = .
 *(.data*)
                0x24000000                        _edata = .

.igot.plt       0x24000000        0x0 load address 0x0800017c
 .igot.plt      0x24000000        0x0 /tmp/ccfNPAjl.o

.bss            0x24000000        0x0 load address 0x0800017c
                0x24000000                        _sbss = .
 *(.bss*)
 *(COMMON)
                0x24000000                        _ebss = .
OUTPUT(blink.elf elf32-littlearm)
LOAD linker stubs

.ARM.attributes
                0x00000000       0x33
 .ARM.attributes
                0x00000000       0x21 /tmp/ccfNPAjl.o
 .ARM.attributes
                0x00000021       0x32 /tmp/ccr6hC4Z.o

.comment        0x00000000       0x26
 .comment       0x00000000       0x26 /tmp/ccr6hC4Z.o
                                 0x27 (size before relaxing)

.debug_line     0x00000000      0x245
 .debug_line    0x00000000       0x72 /tmp/ccfNPAjl.o
 .debug_line    0x00000072      0x1d3 /tmp/ccr6hC4Z.o

.debug_line_str
                0x00000000       0x4d
 .debug_line_str
                0x00000000       0x4d /tmp/ccfNPAjl.o

.debug_info     0x00000000      0x54c
 .debug_info    0x00000000       0x23 /tmp/ccfNPAjl.o
 .debug_info    0x00000023      0x529 /tmp/ccr6hC4Z.o

.debug_abbrev   0x00000000      0x12e
 .debug_abbrev  0x00000000       0x12 /tmp/ccfNPAjl.o
 .debug_abbrev  0x00000012      0x11c /tmp/ccr6hC4Z.o

.debug_aranges  0x00000000       0x50
 .debug_aranges
                0x00000000       0x28 /tmp/ccfNPAjl.o
 .debug_aranges
                0x00000028       0x28 /tmp/ccr6hC4Z.o

.debug_str      0x00000000    0xe9eb3
 .debug_str     0x00000000    0xe9eb3 /tmp/ccfNPAjl.o
                                 0x5c (size before relaxing)
 .debug_str     0x000e9eb3        0x0 /tmp/ccr6hC4Z.o
                              0xea08e (size before relaxing)

.debug_rnglists
                0x00000000       0x33
 .debug_rnglists
                0x00000000       0x19 /tmp/ccfNPAjl.o
 .debug_rnglists
                0x00000019       0x1a /tmp/ccr6hC4Z.o

.debug_macro    0x00000000    0x28bd2
 .debug_macro   0x00000000       0x99 /tmp/ccr6hC4Z.o
 .debug_macro   0x00000099      0xaf0 /tmp/ccr6hC4Z.o
 .debug_macro   0x00000b89      0x34e /tmp/ccr6hC4Z.o
 .debug_macro   0x00000ed7       0x3b /tmp/ccr6hC4Z.o
 .debug_macro   0x00000f12       0x2e /tmp/ccr6hC4Z.o
 .debug_macro   0x00000f40       0x10 /tmp/ccr6hC4Z.o
 .debug_macro   0x00000f50       0x58 /tmp/ccr6hC4Z.o
 .debug_macro   0x00000fa8      0x26d /tmp/ccr6hC4Z.o
 .debug_macro   0x00001215       0x28 /tmp/ccr6hC4Z.o
 .debug_macro   0x0000123d     0x1670 /tmp/ccr6hC4Z.o
 .debug_macro   0x000028ad      0x11f /tmp/ccr6hC4Z.o
 .debug_macro   0x000029cc       0x22 /tmp/ccr6hC4Z.o
 .debug_macro   0x000029ee    0x261e4 /tmp/ccr6hC4Z.o

.debug_frame    0x00000000       0x58
 .debug_frame   0x00000000       0x58 /tmp/ccr6hC4Z.o
