
Discarded input sections

 .text          0x00000000        0x0 /tmp/cciK057T.o
 .data          0x00000000        0x0 /tmp/cciK057T.o
 .bss           0x00000000        0x0 /tmp/cciK057T.o
 .group         0x00000000        0xc /tmp/ccPQ19g6.o
 .group         0x00000000        0xc /tmp/ccPQ19g6.o
 .group         0x00000000        0xc /tmp/ccPQ19g6.o
 .group         0x00000000        0xc /tmp/ccPQ19g6.o
 .group         0x00000000        0xc /tmp/ccPQ19g6.o
 .group         0x00000000        0xc /tmp/ccPQ19g6.o
 .group         0x00000000        0xc /tmp/ccPQ19g6.o
 .group         0x00000000        0xc /tmp/ccPQ19g6.o
 .group         0x00000000        0xc /tmp/ccPQ19g6.o
 .group         0x00000000        0xc /tmp/ccPQ19g6.o
 .group         0x00000000        0xc /tmp/ccPQ19g6.o
 .group         0x00000000        0xc /tmp/ccPQ19g6.o
 .text          0x00000000        0x0 /tmp/ccPQ19g6.o
 .data          0x00000000        0x0 /tmp/ccPQ19g6.o
 .bss           0x00000000        0x0 /tmp/ccPQ19g6.o
 .text.LED_On   0x00000000       0x54 /tmp/ccPQ19g6.o
 .text.LED_Off  0x00000000       0x58 /tmp/ccPQ19g6.o

Memory Configuration

Name             Origin             Length             Attributes
FLASH            0x08000000         0x00200000         xr
DTCMRAM          0x20000000         0x00020000         xrw
RAM              0x24000000         0x00080000         xrw
SRAM1            0x30000000         0x00020000         rw
SRAM2            0x30020000         0x00020000         rw
SRAM4            0x38000000         0x00010000         rw
*default*        0x00000000         0xffffffff

Linker script and memory map

LOAD /tmp/cciK057T.o
LOAD /tmp/ccPQ19g6.o
START GROUP
LOAD /usr/lib/gcc/arm-none-eabi/14.2.1/thumb/v7e-m+dp/hard/libgcc.a
LOAD /usr/lib/gcc/arm-none-eabi/14.2.1/../../../arm-none-eabi/lib/thumb/v7e-m+dp/hard/libg.a
LOAD /usr/lib/gcc/arm-none-eabi/14.2.1/../../../arm-none-eabi/lib/thumb/v7e-m+dp/hard/libc.a
END GROUP
                0x20020000                        _estack = (ORIGIN (DTCMRAM) + LENGTH (DTCMRAM))

.isr_vector     0x08000000       0x40
 *(.isr_vector)
 .isr_vector    0x08000000       0x40 /tmp/cciK057T.o

.text           0x08000040      0x1f2
 *(.text*)
 .text.Reset_Handler
                0x08000040       0x40 /tmp/cciK057T.o
                0x08000040                Reset_Handler
 .text.Default_Handler
                0x08000080        0x4 /tmp/cciK057T.o
                0x08000080                Default_Handler
 .text.delay    0x08000084       0x22 /tmp/ccPQ19g6.o
                0x08000084                delay
 *fill*         0x080000a6        0x2 
 .text.GPIO_init
                0x080000a8       0xe0 /tmp/ccPQ19g6.o
                0x080000a8                GPIO_init
 .text.LED_Sequence
                0x08000188       0x9c /tmp/ccPQ19g6.o
                0x08000188                LED_Sequence
 .text.main     0x08000224        0xe /tmp/ccPQ19g6.o
                0x08000224                main
 *(.rodata*)
                0x08000232                        _sidata = LOADADDR (.data)

.glue_7         0x08000234        0x0
 .glue_7        0x08000234        0x0 linker stubs

.glue_7t        0x08000234        0x0
 .glue_7t       0x08000234        0x0 linker stubs

.vfp11_veneer   0x08000234        0x0
 .vfp11_veneer  0x08000234        0x0 linker stubs

.v4_bx          0x08000234        0x0
 .v4_bx         0x08000234        0x0 linker stubs

.iplt           0x08000234        0x0
 .iplt          0x08000234        0x0 /tmp/cciK057T.o

.rel.dyn        0x08000234        0x0
 .rel.iplt      0x08000234        0x0 /tmp/cciK057T.o

.data           0x24000000       0x24 load address 0x08000232
                0x24000000                        _sdata = .
 *(.data*)
 .data.leds     0x24000000       0x24 /tmp/ccPQ19g6.o
                0x24000000                leds
                0x24000024                        _edata = .

.igot.plt       0x24000024        0x0 load address 0x08000256
 .igot.plt      0x24000024        0x0 /tmp/cciK057T.o

.bss            0x24000024        0x0 load address 0x08000256
                0x24000024                        _sbss = .
 *(.bss*)
 *(COMMON)
                0x24000024                        _ebss = .
OUTPUT(GPIO.elf elf32-littlearm)
LOAD linker stubs

.ARM.attributes
                0x00000000       0x33
 .ARM.attributes
                0x00000000       0x21 /tmp/cciK057T.o
 .ARM.attributes
                0x00000021       0x32 /tmp/ccPQ19g6.o

.comment        0x00000000       0x26
 .comment       0x00000000       0x26 /tmp/ccPQ19g6.o
                                 0x27 (size before relaxing)

.debug_line     0x00000000      0x32c
 .debug_line    0x00000000       0x72 /tmp/cciK057T.o
 .debug_line    0x00000072      0x2ba /tmp/ccPQ19g6.o

.debug_line_str
                0x00000000       0x49
 .debug_line_str
                0x00000000       0x49 /tmp/cciK057T.o

.debug_info     0x00000000      0x670
 .debug_info    0x00000000       0x23 /tmp/cciK057T.o
 .debug_info    0x00000023      0x64d /tmp/ccPQ19g6.o

.debug_abbrev   0x00000000      0x1dd
 .debug_abbrev  0x00000000       0x12 /tmp/cciK057T.o
 .debug_abbrev  0x00000012      0x1cb /tmp/ccPQ19g6.o

.debug_aranges  0x00000000       0x70
 .debug_aranges
                0x00000000       0x28 /tmp/cciK057T.o
 .debug_aranges
                0x00000028       0x48 /tmp/ccPQ19g6.o

.debug_str      0x00000000    0xe9ece
 .debug_str     0x00000000    0xe9ece /tmp/cciK057T.o
                                 0x58 (size before relaxing)
 .debug_str     0x000e9ece        0x0 /tmp/ccPQ19g6.o
                              0xea0b0 (size before relaxing)

.debug_rnglists
                0x00000000       0x4c
 .debug_rnglists
                0x00000000       0x19 /tmp/cciK057T.o
 .debug_rnglists
                0x00000019       0x33 /tmp/ccPQ19g6.o

.debug_macro    0x00000000    0x28bd8
 .debug_macro   0x00000000       0x9f /tmp/ccPQ19g6.o
 .debug_macro   0x0000009f      0xaf0 /tmp/ccPQ19g6.o
 .debug_macro   0x00000b8f      0x34e /tmp/ccPQ19g6.o
 .debug_macro   0x00000edd       0x3b /tmp/ccPQ19g6.o
 .debug_macro   0x00000f18       0x2e /tmp/ccPQ19g6.o
 .debug_macro   0x00000f46       0x10 /tmp/ccPQ19g6.o
 .debug_macro   0x00000f56       0x58 /tmp/ccPQ19g6.o
 .debug_macro   0x00000fae      0x26d /tmp/ccPQ19g6.o
 .debug_macro   0x0000121b       0x28 /tmp/ccPQ19g6.o
 .debug_macro   0x00001243     0x1670 /tmp/ccPQ19g6.o
 .debug_macro   0x000028b3      0x11f /tmp/ccPQ19g6.o
 .debug_macro   0x000029d2       0x22 /tmp/ccPQ19g6.o
 .debug_macro   0x000029f4    0x261e4 /tmp/ccPQ19g6.o

.debug_frame    0x00000000       0xf0
 .debug_frame   0x00000000       0xf0 /tmp/ccPQ19g6.o
